<html>
<body>
<pre>
<h1>µVision Build Log</h1>
<h2>Tool Versions:</h2>
IDE-Version: ¦ÌVision V5.21.1.0
Copyright (C) 2016 ARM Ltd and ARM Germany GmbH. All rights reserved.
License Information: lzn user, asds, LIC=RC93N-Y9L8D-2ZUW4-FBKER-W8ZHF-NQFID
 
Tool Versions:
Toolchain:       MDK-ARM Plus  Version: 5.21a
Toolchain Path:  E:\51\ARM\ARMCC\Bin
C Compiler:      Armcc.exe V5.06 update 3 (build 300)
Assembler:       Armasm.exe V5.06 update 3 (build 300)
Linker/Locator:  ArmLink.exe V5.06 update 3 (build 300)
Library Manager: ArmAr.exe V5.06 update 3 (build 300)
Hex Converter:   FromElf.exe V5.06 update 3 (build 300)
CPU DLL:         SARMCM3.DLL V5.21a
Dialog DLL:      DCM.DLL V1.13.8.0
Target DLL:      CMSIS_AGDI.dll V1.26.5.0
Dialog DLL:      TCM.DLL V1.14.14.0
 
<h2>Project:</h2>
E:\µçÂ·\Ò°»ð\³ÌÐò\»ã±à\»ã±à.uvprojx
Project File Date:  10/03/2022

<h2>Output:</h2>
*** Using Compiler 'V5.06 update 3 (build 300)', folder: 'E:\51\ARM\ARMCC\Bin'
Rebuild target 'Target 1'
assembling text.s...
text.s(36): warning: A1313W: Missing END directive at end of file
assembling startup_stm32f10x_hd.s...
compiling system_stm32f10x.c...
linking...
.\Objects\??.sct(8): warning: L6314W: No section matches pattern *(InRoot$$Sections).
Program Size: Code=468 RO-data=304 RW-data=0 ZI-data=1536  
Finished: 0 information, 1 warning and 0 error messages.
FromELF: creating hex file...
".\Objects\»ã±à.axf" - 0 Error(s), 2 Warning(s).

<h2>Software Packages used:</h2>

Package Vendor: ARM
                http://www.keil.com/pack/ARM.CMSIS.4.5.0.pack
                ARM::CMSIS:CORE:4.3.0
                CMSIS (Cortex Microcontroller Software Interface Standard)
   * Component: CORE Version: 4.3.0

Package Vendor: Keil
                http://www.keil.com/pack/Keil.STM32F1xx_DFP.2.2.0.pack
                Keil::Device:Startup:1.0.0
                STMicroelectronics STM32F1 Series Device Support, Drivers and Examples
   * Component: Startup Version: 1.0.0

<h2>Collection of Component include folders:</h2>
  E:\µçÂ·\Ò°»ð\³ÌÐò\»ã±à\RTE
  E:\µçÂ·\Ò°»ð\³ÌÐò\»ã±à\RTE\Device\STM32F103VE
  E:\51\ARM\PACK\ARM\CMSIS\4.5.0\CMSIS\Include
  E:\51\ARM\PACK\Keil\STM32F1xx_DFP\2.2.0\Device\Include

<h2>Collection of Component Files used:</h2>

   * Component: ARM::CMSIS:CORE:4.3.0

   * Component: Keil::Device:Startup:1.0.0
      Source file:   Device\Source\system_stm32f10x.c
      Source file:   Device\Source\ARM\STM32F1xx_OPT.s
      Include file:  RTE_Driver\Config\RTE_Device.h
      Source file:   Device\Source\ARM\startup_stm32f10x_hd.s
Build Time Elapsed:  00:00:00
</pre>
</body>
</html>
